---
http_interactions:
- request:
    method: get
    uri: "<clio_backend_url>/holdings/retrieve/5951061"
    body:
      encoding: UTF-8
      string: ''
    headers:
      User-Agent:
      - HTTPClient/1.0 (2.8.0, ruby 2.2.1 (2015-02-26))
      Accept:
      - "*/*"
      Date:
      - Fri, 01 Jul 2016 19:11:08 GMT
  response:
    status:
      code: 200
      message: OK
    headers:
      Content-Type:
      - application/json; charset=utf-8
      Transfer-Encoding:
      - chunked
      Connection:
      - keep-alive
      Vary:
      - Accept-Encoding
      Status:
      - 200 OK
      Cache-Control:
      - max-age=0, private, must-revalidate
      Access-Control-Allow-Origin:
      - "*"
      X-Xss-Protection:
      - 1; mode=block
      X-Request-Id:
      - 6e632612-c411-4854-970b-5c068ee11b5c
      Etag:
      - W/"bd45fe1437688e37a47b4b327b06747c"
      X-Frame-Options:
      - SAMEORIGIN
      X-Runtime:
      - '2.154924'
      X-Content-Type-Options:
      - nosniff
      Access-Control-Request-Method:
      - "*"
      Date:
      - Fri, 01 Jul 2016 19:11:10 GMT
      X-Powered-By:
      - Phusion Passenger
      Server:
      - nginx + Phusion Passenger
      Strict-Transport-Security:
      - max-age=63072000; includeSubdomains; preload
    body:
      encoding: UTF-8
      string: '{"5951061":{"condensed_holdings_full":[{"location_name":"Burke [UTS]
        Archives (Non-Circulating)","location_note":"By appointment only. See the
        \u003ca href=\"http://library.columbia.edu/locations/burke/access_circulation/special-collections-access.html\"
        target=\"_blank\"\u003eBurke Library special collections page\u003c/a\u003e","call_number":"MRL9
        M.I.A.U./LAB News Service","status":"none","holding_id":["7243915"],"copies":[{"items":{"Status
        unknown":{"status":"none","count":1}}}],"services":[]}]}}'
    http_version: 
  recorded_at: Fri, 01 Jul 2016 19:11:10 GMT
- request:
    method: get
    uri: "<clio_backend_url>/holdings/retrieve/6703227"
    body:
      encoding: UTF-8
      string: ''
    headers:
      User-Agent:
      - HTTPClient/1.0 (2.8.0, ruby 2.2.1 (2015-02-26))
      Accept:
      - "*/*"
      Date:
      - Fri, 01 Jul 2016 19:11:10 GMT
  response:
    status:
      code: 200
      message: OK
    headers:
      Content-Type:
      - application/json; charset=utf-8
      Transfer-Encoding:
      - chunked
      Connection:
      - keep-alive
      Vary:
      - Accept-Encoding
      Status:
      - 200 OK
      Cache-Control:
      - max-age=0, private, must-revalidate
      Access-Control-Allow-Origin:
      - "*"
      X-Xss-Protection:
      - 1; mode=block
      X-Request-Id:
      - 0e754185-3f09-4aa1-be88-682914bfcc27
      Etag:
      - W/"75c25c9f9bda6cf1c0ba1d5e2808a1ed"
      X-Frame-Options:
      - SAMEORIGIN
      X-Runtime:
      - '1.082279'
      X-Content-Type-Options:
      - nosniff
      Access-Control-Request-Method:
      - "*"
      Date:
      - Fri, 01 Jul 2016 19:11:12 GMT
      X-Powered-By:
      - Phusion Passenger
      Server:
      - nginx + Phusion Passenger
      Strict-Transport-Security:
      - max-age=63072000; includeSubdomains; preload
    body:
      encoding: UTF-8
      string: '{"6703227":{"condensed_holdings_full":[{"location_name":"Burke [UTS]
        Gillett (Non-Circulating)","location_note":"By appointment only. See the \u003ca
        href=\"http://library.columbia.edu/locations/burke/access_circulation/special-collections-access.html\"
        target=\"_blank\"\u003eBurke Library special collections page\u003c/a\u003e","call_number":"869CC","status":"none","holding_id":["8997715"],"copies":[{"items":{"Status
        unknown":{"status":"none","count":1}}}],"services":[]}]}}'
    http_version: 
  recorded_at: Fri, 01 Jul 2016 19:11:12 GMT
- request:
    method: get
    uri: "<clio_backend_url>/holdings/retrieve/9020317"
    body:
      encoding: UTF-8
      string: ''
    headers:
      User-Agent:
      - HTTPClient/1.0 (2.8.0, ruby 2.2.1 (2015-02-26))
      Accept:
      - "*/*"
      Date:
      - Fri, 01 Jul 2016 19:11:12 GMT
  response:
    status:
      code: 200
      message: OK
    headers:
      Content-Type:
      - application/json; charset=utf-8
      Transfer-Encoding:
      - chunked
      Connection:
      - keep-alive
      Vary:
      - Accept-Encoding
      Status:
      - 200 OK
      Cache-Control:
      - max-age=0, private, must-revalidate
      Access-Control-Allow-Origin:
      - "*"
      X-Xss-Protection:
      - 1; mode=block
      X-Request-Id:
      - 885830bf-bd04-493d-9051-ff3b11c24b74
      Etag:
      - W/"b8339e3cde7c8ffa444480c7545b344d"
      X-Frame-Options:
      - SAMEORIGIN
      X-Runtime:
      - '1.175713'
      X-Content-Type-Options:
      - nosniff
      Access-Control-Request-Method:
      - "*"
      Date:
      - Fri, 01 Jul 2016 19:11:13 GMT
      X-Powered-By:
      - Phusion Passenger
      Server:
      - nginx + Phusion Passenger
      Strict-Transport-Security:
      - max-age=63072000; includeSubdomains; preload
    body:
      encoding: UTF-8
      string: '{"9020317":{"condensed_holdings_full":[{"location_name":"Burke [UTS]
        MRL Reports (Non-Circulating)","location_note":"By appointment only. See the
        \u003ca href=\"http://library.columbia.edu/locations/burke/access_circulation/special-collections-access.html\"
        target=\"_blank\"\u003eBurke Library special collections page\u003c/a\u003e","call_number":"12-16-69","status":"none","holding_id":["12089318"],"copies":[{"items":{"Status
        unknown":{"status":"none","count":1}},"summary_holdings":"Library has: 1925,
        1927-1930"}],"services":[]},{"location_name":"Burke [UTS] Union Stacks","location_note":"","call_number":"MT80
        CBZ M2 A","status":"none","holding_id":["12089150"],"copies":[{"items":{"Status
        unknown":{"status":"none","count":1}},"summary_holdings":"Library has: 1925,
        1928-1930"}],"services":[]}]}}'
    http_version: 
  recorded_at: Fri, 01 Jul 2016 19:11:13 GMT
- request:
    method: get
    uri: "<clio_backend_url>/holdings/retrieve/10654375"
    body:
      encoding: UTF-8
      string: ''
    headers:
      User-Agent:
      - HTTPClient/1.0 (2.8.0, ruby 2.2.1 (2015-02-26))
      Accept:
      - "*/*"
      Date:
      - Fri, 01 Jul 2016 19:11:13 GMT
  response:
    status:
      code: 200
      message: OK
    headers:
      Content-Type:
      - application/json; charset=utf-8
      Transfer-Encoding:
      - chunked
      Connection:
      - keep-alive
      Vary:
      - Accept-Encoding
      Status:
      - 200 OK
      Cache-Control:
      - max-age=0, private, must-revalidate
      Access-Control-Allow-Origin:
      - "*"
      X-Xss-Protection:
      - 1; mode=block
      X-Request-Id:
      - 912dc75e-4d74-4de6-b1ae-a1625e76b797
      Etag:
      - W/"8bcd9df1df2c3787ed00d6880d767811"
      X-Frame-Options:
      - SAMEORIGIN
      X-Runtime:
      - '2.044036'
      X-Content-Type-Options:
      - nosniff
      Access-Control-Request-Method:
      - "*"
      Date:
      - Fri, 01 Jul 2016 19:11:15 GMT
      X-Powered-By:
      - Phusion Passenger
      Server:
      - nginx + Phusion Passenger
      Strict-Transport-Security:
      - max-age=63072000; includeSubdomains; preload
    body:
      encoding: UTF-8
      string: '{"10654375":{"condensed_holdings_full":[{"location_name":"Burke [UTS]
        Tower (Non-Circulating)","location_note":"By appointment only. See the \u003ca
        href=\"http://library.columbia.edu/locations/burke/access_circulation/special-collections-access.html\"
        target=\"_blank\"\u003eBurke Library special collections page\u003c/a\u003e","call_number":"BV2010
        .C65 1817g","status":"available","holding_id":["13716547"],"copies":[{"items":{"Available":{"status":"available","count":1}},"notes":"Notes:
        Bound with other titles; for a complete listing search by the call number
        using the Call Number search.","summary_holdings":"Library has: no.5 (1820)"}],"services":[]}]}}'
    http_version: 
  recorded_at: Fri, 01 Jul 2016 19:11:15 GMT
- request:
    method: get
    uri: "<clio_backend_url>/holdings/retrieve/4584787"
    body:
      encoding: UTF-8
      string: ''
    headers:
      User-Agent:
      - HTTPClient/1.0 (2.8.0, ruby 2.2.1 (2015-02-26))
      Accept:
      - "*/*"
      Date:
      - Fri, 01 Jul 2016 19:11:15 GMT
  response:
    status:
      code: 200
      message: OK
    headers:
      Content-Type:
      - application/json; charset=utf-8
      Transfer-Encoding:
      - chunked
      Connection:
      - keep-alive
      Vary:
      - Accept-Encoding
      Status:
      - 200 OK
      Cache-Control:
      - max-age=0, private, must-revalidate
      Access-Control-Allow-Origin:
      - "*"
      X-Xss-Protection:
      - 1; mode=block
      X-Request-Id:
      - 216f82ce-6193-4df7-a55d-208fa2471d92
      Etag:
      - W/"4877fa0681d14752eba5537bb6c88301"
      X-Frame-Options:
      - SAMEORIGIN
      X-Runtime:
      - '2.676178'
      X-Content-Type-Options:
      - nosniff
      Access-Control-Request-Method:
      - "*"
      Date:
      - Fri, 01 Jul 2016 19:11:18 GMT
      X-Powered-By:
      - Phusion Passenger
      Server:
      - nginx + Phusion Passenger
      Strict-Transport-Security:
      - max-age=63072000; includeSubdomains; preload
    body:
      encoding: UTF-8
      string: '{"4584787":{"condensed_holdings_full":[{"location_name":"Burke [UTS]
        Union Rare (Non-Circulating)","location_note":"By appointment only. See the
        \u003ca href=\"http://library.columbia.edu/locations/burke/access_circulation/special-collections-access.html\"
        target=\"_blank\"\u003eBurke Library special collections page\u003c/a\u003e","call_number":"VN57
        R93 1848","status":"available","holding_id":["5217279"],"copies":[{"items":{"Available":{"status":"available","count":1}}}],"services":[]},{"location_name":"Burke
        [UTS] Union Rare Pamphlets (Non-Circulating)","location_note":"By appointment
        only. See the \u003ca href=\"http://library.columbia.edu/locations/burke/access_circulation/special-collections-access.html\"
        target=\"_blank\"\u003eBurke Library special collections page\u003c/a\u003e","call_number":"VN57
        R93 1848","status":"available","holding_id":["5217280"],"copies":[{"items":{"Available":{"status":"available","count":1}}}],"services":[]}]}}'
    http_version: 
  recorded_at: Fri, 01 Jul 2016 19:11:18 GMT
recorded_with: VCR 3.0.1
