---
http_interactions:
- request:
    method: get
    uri: "<clio_backend_url>/holdings/retrieve/9420109"
    body:
      encoding: UTF-8
      string: ''
    headers:
      User-Agent:
      - HTTPClient/1.0 (2.6.0.1, ruby 2.1.0 (2013-12-25))
      Accept:
      - "*/*"
      Date:
      - Tue, 22 Sep 2015 19:32:35 GMT
  response:
    status:
      code: 200
      message: OK
    headers:
      Content-Type:
      - application/json; charset=utf-8
      Transfer-Encoding:
      - chunked
      Connection:
      - keep-alive
      Status:
      - '200'
      X-Powered-By:
      - Phusion Passenger (mod_rails/mod_rack) 3.0.11
      X-Frame-Options:
      - SAMEORIGIN
      X-Xss-Protection:
      - 1; mode=block
      X-Content-Type-Options:
      - nosniff
      Access-Control-Allow-Origin:
      - "*"
      Access-Control-Request-Method:
      - "*"
      Etag:
      - W/"3ff33db49e3d1223b4ae9a51550ed807"
      Cache-Control:
      - max-age=0, private, must-revalidate
      X-Request-Id:
      - 1a336aeb-208e-4744-8aa3-7f8f10cc53ac
      X-Runtime:
      - '1.764959'
      Server:
      - nginx/1.0.11 + Phusion Passenger 3.0.11 (mod_rails/mod_rack)
    body:
      encoding: UTF-8
      string: "{\"9420109\":{\"condensed_holdings_full\":[{\"location_name\":\"Butler
        Stacks (Enter at the Butler Circulation Desk)\",\"location_note\":\"\",\"call_number\":\"BM197.5
        .C64 2012\",\"status\":\"not_available\",\"holding_id\":[\"12476238\"],\"copies\":[{\"items\":{\"Checked
        out, due 2016-02-15\":{\"status\":\"not_available\",\"count\":1}}}],\"services\":[\"recall_hold\"]},{\"location_name\":\"Offsite
        - Place Request for delivery within 2 business days\",\"location_note\":\"\",\"call_number\":\"BM197.5
        .C64 2012\",\"status\":\"available\",\"holding_id\":[\"12472989\"],\"copies\":[{\"items\":{\"Available\":{\"status\":\"available\",\"count\":1}}}],\"services\":[\"offsite\"]}]}}"
    http_version: 
  recorded_at: Tue, 22 Sep 2015 19:32:37 GMT
- request:
    method: get
    uri: "<solr_config>/select?id=9420109&qt=document&wt=ruby"
    body:
      encoding: US-ASCII
      string: ''
    headers: {}
  response:
    status:
      code: 200
      message: OK
    headers:
      Date:
      - Tue, 22 Sep 2015 19:32:37 GMT
      Content-Type:
      - text/plain;charset=UTF-8
      Transfer-Encoding:
      - chunked
      Server:
      - Jetty(8.1.8.v20121106)
    body:
      encoding: UTF-8
      string: |
        {'responseHeader'=>{'status'=>0,'QTime'=>0,'params'=>{'fl'=>'*','echoParams'=>'all','q'=>'{!raw f=id v=$id}','rows'=>'1','id'=>'9420109','qt'=>'document','wt'=>'ruby'}},'response'=>{'numFound'=>1,'start'=>0,'docs'=>[{'shelfkey'=>['loc+bm-+0197+50000000+c6400000+002012+9420109'],'location_call_number_id_display'=>['Offsite - Place Request for delivery within 2 business days >> BM197.5 .C64 2012|DELIM|12472989','Butler Stacks (Enter at the Butler Circulation Desk) >> BM197.5 .C64 2012|DELIM|12476238'],'lccn_display'=>['2011025625'],'acq_dt'=>'2012-05-04T00:00:00Z','item_display'=>['BM197.5 .C64 2012 | loc+bm-+0197+50000000+c6400000+002012+9420109 | ebn~od~~zyqs~uzzzzzzz~ntvzzzzz~zzxzyx~qvxzyzq~~~~~'],'title_display'=>['The birth of conservative Judaism : Solomon Schechter\'s disciples and the creation of an American religious movement'],'clio_id_display'=>'9420109','subject_topic_facet'=>['Schechter, S. (Solomon), 1847-1915','Conservative Judaism','History'],'pub_place_display'=>['New York'],'format'=>['Book'],'oclc_display'=>['ocn731192708','731192708'],'title_first_facet'=>['B'],'full_publisher_display'=>['New York : Columbia University Press, c2012.'],'pub_date_sort'=>2012,'isbn_display'=>['9780231156356','0231156359','9780231526777','0231526776'],'pub_year_display'=>['c2012'],'id'=>'9420109','reverse_shelfkey'=>['ebn~od~~zyqs~uzzzzzzz~ntvzzzzz~zzxzyx~qvxzyzq~~~~~'],'subject_geo_facet'=>['United States'],'call_number_display'=>['BM197.5 .C64 2012'],'marc_display'=>'<?xml version="1.0" encoding="UTF-8"?><collection xmlns="http://www.loc.gov/MARC21/slim"><record><leader>02066cam a2200445 a 4500</leader><controlfield tag="001">9420109</controlfield><controlfield tag="005">20120823161014.0</controlfield><controlfield tag="008">120201s2012    nyuaf    b    001 0 eng  </controlfield><datafield tag="010" ind1=" " ind2=" "><subfield code="a">  2011025625</subfield></datafield><datafield tag="016" ind1="7" ind2=" "><subfield code="a">016014653</subfield><subfield code="2">Uk</subfield></datafield><datafield tag="019" ind1=" " ind2=" "><subfield code="a">775411297</subfield></datafield><datafield tag="020" ind1=" " ind2=" "><subfield code="a">9780231156356 (cloth : alk. paper)</subfield></datafield><datafield tag="020" ind1=" " ind2=" "><subfield code="a">0231156359 (cloth : alk. paper)</subfield></datafield><datafield tag="020" ind1=" " ind2=" "><subfield code="a">9780231526777 (e-book)</subfield></datafield><datafield tag="020" ind1=" " ind2=" "><subfield code="a">0231526776 (e-book)</subfield></datafield><datafield tag="035" ind1=" " ind2=" "><subfield code="a">(OCoLC)ocn731192708</subfield></datafield><datafield tag="035" ind1=" " ind2=" "><subfield code="a">(OCoLC)731192708</subfield><subfield code="z">(OCoLC)775411297</subfield></datafield><datafield tag="035" ind1=" " ind2=" "><subfield code="a">(NNC)9420109</subfield></datafield><datafield tag="040" ind1=" " ind2=" "><subfield code="a">DLC</subfield><subfield code="b">eng</subfield><subfield code="c">DLC</subfield><subfield code="d">YDX</subfield><subfield code="d">UKMGB</subfield><subfield code="d">ZCU</subfield><subfield code="d">YDXCP</subfield><subfield code="d">BWX</subfield><subfield code="d">BTCTA</subfield><subfield code="d">CDX</subfield></datafield><datafield tag="043" ind1=" " ind2=" "><subfield code="a">n-us---</subfield></datafield><datafield tag="050" ind1="0" ind2="0"><subfield code="a">BM197.5</subfield><subfield code="b">.C64 2012</subfield></datafield><datafield tag="082" ind1="0" ind2="0"><subfield code="a">296.8/3420973</subfield><subfield code="2">23</subfield></datafield><datafield tag="100" ind1="1" ind2=" "><subfield code="a">Cohen, Michael R.</subfield></datafield><datafield tag="245" ind1="1" ind2="4"><subfield code="a">The birth of conservative Judaism :</subfield><subfield code="b">Solomon Schechter\'s disciples and the creation of an American religious movement /</subfield><subfield code="c">Michael R. Cohen.</subfield></datafield><datafield tag="260" ind1=" " ind2=" "><subfield code="a">New York :</subfield><subfield code="b">Columbia University Press,</subfield><subfield code="c">c2012.</subfield></datafield><datafield tag="300" ind1=" " ind2=" "><subfield code="a">ix, 210 p., [10] p. of plates :</subfield><subfield code="b">ill. ;</subfield><subfield code="c">24 cm.</subfield></datafield><datafield tag="504" ind1=" " ind2=" "><subfield code="a">Includes bibliographical references and index.</subfield></datafield><datafield tag="505" ind1="0" ind2=" "><subfield code="a">Solomon Schechter and the charismatic bond -- The United Synagogue and the transition to postcharismatic authority -- A heretic, a maverick, and the challenge to inclusivity -- On the brink of irrelevancy -- The platform of discipleship -- A task left unfinished -- Conclusion from Schechter to Frankel: deceptive retrospect and the history of Conservative Judaism.</subfield></datafield><datafield tag="650" ind1=" " ind2="0"><subfield code="a">Conservative Judaism</subfield><subfield code="z">United States</subfield><subfield code="x">History.</subfield></datafield><datafield tag="600" ind1="1" ind2="0"><subfield code="a">Schechter, S.</subfield><subfield code="q">(Solomon),</subfield><subfield code="d">1847-1915.</subfield></datafield><datafield tag="948" ind1="0" ind2=" "><subfield code="a">20120503</subfield><subfield code="b">b</subfield><subfield code="c">as2107</subfield><subfield code="d">MPS</subfield></datafield><datafield tag="948" ind1="2" ind2=" "><subfield code="a">20120504</subfield><subfield code="b">a</subfield><subfield code="c">as2107</subfield><subfield code="d">MPS</subfield></datafield><datafield tag="900" ind1=" " ind2=" "><subfield code="a">AUTH</subfield></datafield><datafield tag="990" ind1=" " ind2=" "><subfield code="a">BM</subfield></datafield><datafield tag="991" ind1=" " ind2=" "><subfield code="a">BM197.5 .C64 2012</subfield><subfield code="b">loc+BM-+0197+50000000+C6400000+002012</subfield></datafield><datafield tag="992" ind1=" " ind2=" "><subfield code="a">Offsite</subfield><subfield code="b">Offsite - Place Request for delivery within 2 business days &gt;&gt; BM197.5 .C64 2012|DELIM|12472989</subfield></datafield><datafield tag="992" ind1=" " ind2=" "><subfield code="a">Butler Stacks</subfield><subfield code="b">Butler Stacks (Enter at the Butler Circulation Desk) &gt;&gt; BM197.5 .C64 2012|DELIM|12476238</subfield></datafield><datafield tag="993" ind1=" " ind2=" "><subfield code="a">Book</subfield></datafield><datafield tag="995" ind1=" " ind2=" "><subfield code="a">catalog</subfield></datafield><datafield tag="997" ind1=" " ind2=" "><subfield code="a">2012-05-04T00:00:00.000Z</subfield></datafield></record></collection>','author_display'=>['Cohen, Michael R.'],'pub_name_display'=>['Columbia University Press'],'source_display'=>['catalog'],'material_type_display'=>['ix, 210 p., [10] p. of plates'],'language_facet'=>['English'],'_version_'=>1503692115315523584,'timestamp'=>'2015-06-11T14:22:30.159Z'}]}}
    http_version: 
  recorded_at: Tue, 22 Sep 2015 19:32:37 GMT
- request:
    method: get
    uri: http://catalog.hathitrust.org/api/volumes/brief/isbn/9780231156356.json
    body:
      encoding: UTF-8
      string: ''
    headers:
      User-Agent:
      - HTTPClient/1.0 (2.6.0.1, ruby 2.1.0 (2013-12-25))
      Accept:
      - "*/*"
      Date:
      - Tue, 22 Sep 2015 19:32:37 GMT
  response:
    status:
      code: 200
      message: OK
    headers:
      Date:
      - Tue, 22 Sep 2015 19:32:37 GMT
      Server:
      - Apache/2.2.22 (Debian) mod_fastcgi/mod_fastcgi-SNAP-0910052141 PHP/5.4.45-0+deb7u1
      X-Powered-By:
      - PHP/5.4.45-0+deb7u1
      Content-Length:
      - '33'
      Content-Type:
      - text/html
      Set-Cookie:
      - NSC_mchspvq-iu=ffffffff854c63df45525d5f4f58455e445a4a423660;expires=Tue, 22-Sep-2015
        19:42:37 GMT;path=/;httponly
    body:
      encoding: UTF-8
      string: |2-


        {
         "records": {}, "items": []
        }
    http_version: 
  recorded_at: Tue, 22 Sep 2015 19:32:37 GMT
- request:
    method: get
    uri: http://catalog.hathitrust.org/api/volumes/brief/isbn/0231156359.json
    body:
      encoding: UTF-8
      string: ''
    headers:
      User-Agent:
      - HTTPClient/1.0 (2.6.0.1, ruby 2.1.0 (2013-12-25))
      Accept:
      - "*/*"
      Date:
      - Tue, 22 Sep 2015 19:32:37 GMT
  response:
    status:
      code: 200
      message: OK
    headers:
      Date:
      - Tue, 22 Sep 2015 19:32:37 GMT
      Server:
      - Apache/2.2.22 (Debian) mod_fastcgi/mod_fastcgi-SNAP-0910052141 PHP/5.4.45-0+deb7u1
      X-Powered-By:
      - PHP/5.4.45-0+deb7u1
      Content-Length:
      - '33'
      Content-Type:
      - text/html
      Set-Cookie:
      - NSC_mchspvq-iu=ffffffff854c63df45525d5f4f58455e445a4a423660;expires=Tue, 22-Sep-2015
        19:42:37 GMT;path=/;httponly
    body:
      encoding: UTF-8
      string: |2-


        {
         "records": {}, "items": []
        }
    http_version: 
  recorded_at: Tue, 22 Sep 2015 19:32:37 GMT
- request:
    method: get
    uri: http://catalog.hathitrust.org/api/volumes/brief/isbn/9780231526777.json
    body:
      encoding: UTF-8
      string: ''
    headers:
      User-Agent:
      - HTTPClient/1.0 (2.6.0.1, ruby 2.1.0 (2013-12-25))
      Accept:
      - "*/*"
      Date:
      - Tue, 22 Sep 2015 19:32:37 GMT
  response:
    status:
      code: 200
      message: OK
    headers:
      Date:
      - Tue, 22 Sep 2015 19:32:37 GMT
      Server:
      - Apache/2.2.22 (Debian) mod_fastcgi/mod_fastcgi-SNAP-0910052141 PHP/5.4.45-0+deb7u1
      X-Powered-By:
      - PHP/5.4.45-0+deb7u1
      Content-Length:
      - '33'
      Content-Type:
      - text/html
      Set-Cookie:
      - NSC_mchspvq-iu=ffffffff854c63df45525d5f4f58455e445a4a423660;expires=Tue, 22-Sep-2015
        19:42:37 GMT;path=/;httponly
    body:
      encoding: UTF-8
      string: |2-


        {
         "records": {}, "items": []
        }
    http_version: 
  recorded_at: Tue, 22 Sep 2015 19:32:37 GMT
- request:
    method: get
    uri: http://catalog.hathitrust.org/api/volumes/brief/isbn/0231526776.json
    body:
      encoding: UTF-8
      string: ''
    headers:
      User-Agent:
      - HTTPClient/1.0 (2.6.0.1, ruby 2.1.0 (2013-12-25))
      Accept:
      - "*/*"
      Date:
      - Tue, 22 Sep 2015 19:32:37 GMT
  response:
    status:
      code: 200
      message: OK
    headers:
      Date:
      - Tue, 22 Sep 2015 19:32:37 GMT
      Server:
      - Apache/2.2.22 (Debian) mod_fastcgi/mod_fastcgi-SNAP-0910052141 PHP/5.4.45-0+deb7u1
      X-Powered-By:
      - PHP/5.4.45-0+deb7u1
      Content-Length:
      - '33'
      Content-Type:
      - text/html
      Set-Cookie:
      - NSC_mchspvq-iu=ffffffff854c63df45525d5f4f58455e445a4a423660;expires=Tue, 22-Sep-2015
        19:42:37 GMT;path=/;httponly
    body:
      encoding: UTF-8
      string: |2-


        {
         "records": {}, "items": []
        }
    http_version: 
  recorded_at: Tue, 22 Sep 2015 19:32:37 GMT
- request:
    method: get
    uri: http://catalog.hathitrust.org/api/volumes/brief/oclc/ocn731192708.json
    body:
      encoding: UTF-8
      string: ''
    headers:
      User-Agent:
      - HTTPClient/1.0 (2.6.0.1, ruby 2.1.0 (2013-12-25))
      Accept:
      - "*/*"
      Date:
      - Tue, 22 Sep 2015 19:32:37 GMT
  response:
    status:
      code: 200
      message: OK
    headers:
      Date:
      - Tue, 22 Sep 2015 19:32:38 GMT
      Server:
      - Apache/2.2.22 (Debian) mod_fastcgi/mod_fastcgi-SNAP-0910052141 PHP/5.4.45-0+deb7u1
      X-Powered-By:
      - PHP/5.4.45-0+deb7u1
      Content-Length:
      - '33'
      Content-Type:
      - text/html
      Set-Cookie:
      - NSC_mchspvq-iu=ffffffff854c63df45525d5f4f58455e445a4a423660;expires=Tue, 22-Sep-2015
        19:42:38 GMT;path=/;httponly
    body:
      encoding: UTF-8
      string: |2-


        {
         "records": {}, "items": []
        }
    http_version: 
  recorded_at: Tue, 22 Sep 2015 19:32:38 GMT
- request:
    method: get
    uri: http://catalog.hathitrust.org/api/volumes/brief/oclc/731192708.json
    body:
      encoding: UTF-8
      string: ''
    headers:
      User-Agent:
      - HTTPClient/1.0 (2.6.0.1, ruby 2.1.0 (2013-12-25))
      Accept:
      - "*/*"
      Date:
      - Tue, 22 Sep 2015 19:32:38 GMT
  response:
    status:
      code: 200
      message: OK
    headers:
      Date:
      - Tue, 22 Sep 2015 19:32:38 GMT
      Server:
      - Apache/2.2.22 (Debian) mod_fastcgi/mod_fastcgi-SNAP-0910052141 PHP/5.4.45-0+deb7u1
      X-Powered-By:
      - PHP/5.4.45-0+deb7u1
      Content-Length:
      - '33'
      Content-Type:
      - text/html
      Set-Cookie:
      - NSC_mchspvq-iu=ffffffff854c63df45525d5f4f58455e445a4a423660;expires=Tue, 22-Sep-2015
        19:42:38 GMT;path=/;httponly
    body:
      encoding: UTF-8
      string: |2-


        {
         "records": {}, "items": []
        }
    http_version: 
  recorded_at: Tue, 22 Sep 2015 19:32:38 GMT
- request:
    method: get
    uri: http://catalog.hathitrust.org/api/volumes/brief/lccn/2011025625.json
    body:
      encoding: UTF-8
      string: ''
    headers:
      User-Agent:
      - HTTPClient/1.0 (2.6.0.1, ruby 2.1.0 (2013-12-25))
      Accept:
      - "*/*"
      Date:
      - Tue, 22 Sep 2015 19:32:38 GMT
  response:
    status:
      code: 200
      message: OK
    headers:
      Date:
      - Tue, 22 Sep 2015 19:32:38 GMT
      Server:
      - Apache/2.2.22 (Debian) mod_fastcgi/mod_fastcgi-SNAP-0910052141 PHP/5.4.45-0+deb7u1
      X-Powered-By:
      - PHP/5.4.45-0+deb7u1
      Content-Length:
      - '33'
      Content-Type:
      - text/html
      Set-Cookie:
      - NSC_mchspvq-iu=ffffffff854c63df45525d5f4f58455e445a4a423660;expires=Tue, 22-Sep-2015
        19:42:38 GMT;path=/;httponly
    body:
      encoding: UTF-8
      string: |2-


        {
         "records": {}, "items": []
        }
    http_version: 
  recorded_at: Tue, 22 Sep 2015 19:32:38 GMT
- request:
    method: get
    uri: "<solr_config>/select?id=7686002&qt=document&wt=ruby"
    body:
      encoding: US-ASCII
      string: ''
    headers: {}
  response:
    status:
      code: 200
      message: OK
    headers:
      Date:
      - Tue, 22 Sep 2015 19:32:38 GMT
      Content-Type:
      - text/plain;charset=UTF-8
      Transfer-Encoding:
      - chunked
      Server:
      - Jetty(8.1.8.v20121106)
    body:
      encoding: UTF-8
      string: |
        {'responseHeader'=>{'status'=>0,'QTime'=>1,'params'=>{'fl'=>'*','echoParams'=>'all','q'=>'{!raw f=id v=$id}','rows'=>'1','id'=>'7686002','qt'=>'document','wt'=>'ruby'}},'response'=>{'numFound'=>1,'start'=>0,'docs'=>[{'shelfkey'=>['rbx+montgom-----+675+00000000+00000000+7686002'],'location_call_number_id_display'=>['Rare Book, Butler 6th Fl. East (Non-Circulating) >> Ms MONTGOM 675|DELIM|10794534'],'pub_year_display'=>['1871-1875'],'acq_dt'=>'2010-03-04T00:00:00Z','title_display'=>['Account books [manuscript]'],'item_display'=>['MONTGOM 675 | rbx+montgom-----+675+00000000+00000000+7686002 | 8o2~dbc6jbd~~~~~~tsu~zzzzzzzz~zzzzzzzz~strtzzx~~~~'],'id'=>'7686002','reverse_shelfkey'=>['8o2~dbc6jbd~~~~~~tsu~zzzzzzzz~zzzzzzzz~strtzzx~~~~'],'clio_id_display'=>'7686002','call_number_display'=>['Ms MONTGOM 675'],'pub_place_display'=>['Waterbury, Connecticut'],'marc_display'=>'<?xml version="1.0" encoding="UTF-8"?><collection xmlns="http://www.loc.gov/MARC21/slim"><record><leader>01426ctm a2200409Ia 4500</leader><controlfield tag="001">7686002</controlfield><controlfield tag="005">20100622162458.0</controlfield><controlfield tag="008">100304m18711875ctu           000 0 eng d</controlfield><datafield tag="035" ind1=" " ind2=" "><subfield code="a">(OCoLC)611939163</subfield></datafield><datafield tag="035" ind1=" " ind2=" "><subfield code="a">(OCoLC)ocn611939163</subfield></datafield><datafield tag="035" ind1=" " ind2=" "><subfield code="a">(NNC)7686002</subfield></datafield><datafield tag="040" ind1=" " ind2=" "><subfield code="a">NNC</subfield><subfield code="c">NNC</subfield></datafield><datafield tag="043" ind1=" " ind2=" "><subfield code="a">n-us-ct</subfield></datafield><datafield tag="110" ind1="2" ind2=" "><subfield code="a">Allen and Morris (Firm)</subfield></datafield><datafield tag="245" ind1="1" ind2="0"><subfield code="a">Account books</subfield><subfield code="h">[manuscript].</subfield></datafield><datafield tag="260" ind1=" " ind2=" "><subfield code="a">Waterbury, Connecticut,</subfield><subfield code="c">1871-1875.</subfield></datafield><datafield tag="300" ind1=" " ind2=" "><subfield code="a">2 v. ;</subfield><subfield code="c">40 cm.</subfield></datafield><datafield tag="500" ind1=" " ind2=" "><subfield code="a">Manuscript on paper.</subfield></datafield><datafield tag="505" ind1="0" ind2=" "><subfield code="a">v.1. Daybook and journal, March - Oct. 1871, 268 p. --v.2. Daybook, 1874-1875, 499 p.</subfield></datafield><datafield tag="655" ind1=" " ind2="7"><subfield code="a">Account books.</subfield><subfield code="2">aat</subfield></datafield><datafield tag="655" ind1=" " ind2="7"><subfield code="a">Daybooks.</subfield><subfield code="2">aat</subfield></datafield><datafield tag="655" ind1=" " ind2="7"><subfield code="a">Journals (accounts)</subfield><subfield code="2">aat</subfield></datafield><datafield tag="655" ind1=" " ind2="7"><subfield code="a">Manuscripts</subfield><subfield code="y">1871.</subfield><subfield code="2">lcsh</subfield></datafield><datafield tag="655" ind1=" " ind2="7"><subfield code="a">Manuscripts, American.</subfield><subfield code="2">lcsh</subfield></datafield><datafield tag="710" ind1="2" ind2=" "><subfield code="a">Columbia University.</subfield><subfield code="b">Rare Book and Manuscript Library.</subfield></datafield><datafield tag="710" ind1="2" ind2=" "><subfield code="a">Montgomery Manuscripts (Columbia University. Rare Book and Manuscript Library)</subfield><subfield code="5">NNC</subfield></datafield><datafield tag="752" ind1=" " ind2=" "><subfield code="a">United States</subfield><subfield code="b">Connecticut</subfield><subfield code="d">Waterbury.</subfield></datafield><datafield tag="948" ind1="2" ind2=" "><subfield code="a">20100304</subfield><subfield code="b">e</subfield><subfield code="c">scmc3</subfield><subfield code="d">SCMC</subfield></datafield><datafield tag="965" ind1=" " ind2=" "><subfield code="a">RECON</subfield></datafield><datafield tag="948" ind1="2" ind2=" "><subfield code="a">20100304</subfield><subfield code="b">n</subfield><subfield code="c">rjb57</subfield><subfield code="d">SCMC</subfield></datafield><datafield tag="900" ind1=" " ind2=" "><subfield code="a">AUTH</subfield></datafield><datafield tag="991" ind1=" " ind2=" "><subfield code="a">MONTGOM 675</subfield><subfield code="b">rbx+MONTGOM-----+675+00000000+00000000</subfield></datafield><datafield tag="992" ind1=" " ind2=" "><subfield code="a">Rare Book</subfield><subfield code="b">Rare Book, Butler 6th Fl. East (Non-Circulating) &gt;&gt; Ms MONTGOM 675|DELIM|10794534</subfield></datafield><datafield tag="993" ind1=" " ind2=" "><subfield code="a">Book</subfield></datafield><datafield tag="993" ind1=" " ind2=" "><subfield code="a">Manuscript/Archive</subfield></datafield><datafield tag="995" ind1=" " ind2=" "><subfield code="a">catalog</subfield></datafield><datafield tag="997" ind1=" " ind2=" "><subfield code="a">2010-03-04T00:00:00.000Z</subfield></datafield></record></collection>','author_display'=>['Allen and Morris (Firm)'],'format'=>['Book','Manuscript/Archive'],'source_display'=>['catalog'],'material_type_display'=>['2 v.'],'oclc_display'=>['611939163','ocn611939163'],'title_first_facet'=>['A'],'pub_date_sort'=>1871,'full_publisher_display'=>['Waterbury, Connecticut, 1871-1875.'],'language_facet'=>['English'],'_version_'=>1501966116145070080,'timestamp'=>'2015-05-23T13:08:29.08Z'}]}}
    http_version: 
  recorded_at: Tue, 22 Sep 2015 19:32:38 GMT
- request:
    method: get
    uri: "<clio_backend_url>/holdings/retrieve/7686002"
    body:
      encoding: UTF-8
      string: ''
    headers:
      User-Agent:
      - HTTPClient/1.0 (2.6.0.1, ruby 2.1.0 (2013-12-25))
      Accept:
      - "*/*"
      Date:
      - Tue, 22 Sep 2015 19:32:38 GMT
  response:
    status:
      code: 200
      message: OK
    headers:
      Content-Type:
      - application/json; charset=utf-8
      Transfer-Encoding:
      - chunked
      Connection:
      - keep-alive
      Status:
      - '200'
      X-Powered-By:
      - Phusion Passenger (mod_rails/mod_rack) 3.0.11
      X-Frame-Options:
      - SAMEORIGIN
      X-Xss-Protection:
      - 1; mode=block
      X-Content-Type-Options:
      - nosniff
      Access-Control-Allow-Origin:
      - "*"
      Access-Control-Request-Method:
      - "*"
      Etag:
      - W/"8ab08b927aa1dc7fafd3dd9a46d52b39"
      Cache-Control:
      - max-age=0, private, must-revalidate
      X-Request-Id:
      - 4a8ba76c-ed84-40b1-b4c3-9f1a36cd0c4a
      X-Runtime:
      - '3.344874'
      Server:
      - nginx/1.0.11 + Phusion Passenger 3.0.11 (mod_rails/mod_rack)
    body:
      encoding: UTF-8
      string: "{\"7686002\":{\"condensed_holdings_full\":[{\"location_name\":\"Rare
        Book, Butler 6th Fl. East (Non-Circulating)\",\"location_note\":\"\",\"call_number\":\"Ms
        MONTGOM 675\",\"status\":\"none\",\"holding_id\":[\"10794534\"],\"copies\":[{\"items\":{\"Status
        unknown\":{\"status\":\"none\",\"count\":1}},\"summary_holdings\":\"Library
        has: v.1-2\"}],\"services\":[\"spec_coll\"]}]}}"
    http_version: 
  recorded_at: Tue, 22 Sep 2015 19:32:42 GMT
recorded_with: VCR 2.9.3
